// Jest Snapshot v1, https://goo.gl/fbAQLP

exports[`<ButtonSearch> check renders 1`] = `
<div
  className="MuiGrid-root makeStyles-conatinerButton-1 MuiGrid-item MuiGrid-grid-xs-12"
>
  <button
    className="MuiButtonBase-root MuiButton-root MuiButton-contained MuiButton-containedPrimary MuiButton-containedSizeLarge MuiButton-sizeLarge Mui-disabled Mui-disabled"
    data-testid="button-search"
    disabled={true}
    onBlur={[Function]}
    onDragLeave={[Function]}
    onFocus={[Function]}
    onKeyDown={[Function]}
    onKeyUp={[Function]}
    onMouseDown={[Function]}
    onMouseLeave={[Function]}
    onMouseUp={[Function]}
    onTouchEnd={[Function]}
    onTouchMove={[Function]}
    onTouchStart={[Function]}
    tabIndex={-1}
    type="button"
  >
    <span
      className="MuiButton-label"
    >
      Consultar Pre√ßo
    </span>
  </button>
</div>
`;
