// Jest Snapshot v1, https://goo.gl/fbAQLP

exports[`<AlertMessage> checks tree 1`] = `null`;
