// Jest Snapshot v1, https://goo.gl/fbAQLP

exports[`<Header> check renders structure 1`] = `
<div
  className="MuiBox-root MuiBox-root-1"
>
  <div
    className="MuiBox-root MuiBox-root-2"
  >
    <h4
      className="MuiTypography-root MuiTypography-h4"
    >
      Tabela Fipe
    </h4>
  </div>
  <h6
    className="MuiTypography-root MuiTypography-h6"
  >
    Consulte o valor de um ve√≠culo de forma gratuita
  </h6>
</div>
`;
